Log file test
